// Vitest Snapshot v1

exports[`(component) password text area > Snap Shot 1`] = `
<div>
  <div
    class="_enshita-textarea-form-body_ruurd_1"
  >
    <label
      for="mail"
    >
      <p>
        <small>
          mail address
        </small>
      </p>
      <div
        class="_enshita-textarea-textarea_ruurd_6"
      >
        <div
          class="_enshita-textarea-icon_ruurd_20"
        >
          <span />
        </div>
        <input
          class="_enshita-textarea-input-password_ruurd_33"
          type="password"
        />
        <button
          class="_enshita-textarea-icon_ruurd_20"
          type="button"
        >
          <span />
        </button>
      </div>
      <div
        class="_enshita-textarea-error_ruurd_40"
      />
    </label>
  </div>
</div>
`;
