// Vitest Snapshot v1

exports[`(components) footer > take snapshot 1`] = `
<div>
  <footer>
    <div
      class="_enshita-footer_1qyaz_1"
    >
      <div
        class="_enshita-footer-content_1qyaz_26"
      >
        <div
          class="_enshita-footer-logo_1qyaz_11 _enshita-footer-hidden_1qyaz_68"
        >
          <svg
            height="50"
            viewBox="0 0 140 50"
            width="140"
            xmlns="http://www.w3.org/2000/svg"
          >
            <text
              class="_enshita-footer-svg_1qyaz_44"
              font-size="40"
              x="0"
              y="40"
            >
              enshita
            </text>
          </svg>
        </div>
        <div
          class="_enshita-footer-menu_1qyaz_33"
        >
          <p
            class="_enshita-footer-about_1qyaz_48"
          >
            About Growthers
          </p>
          <ul
            class="_enshita-footer-list_1qyaz_56"
            role="navigation"
          >
            <li
              class="_enshita-footer-homepage_1qyaz_95"
            >
              <a
                class="_enshita-footer-link_1qyaz_62"
                href="https://growthers.dev/"
                rel="noopener noreferrer"
                target="_blank"
              >
                Home Page
              </a>
            </li>
            <li
              class="_enshita-footer-twitter_1qyaz_92"
            >
              <a
                class="_enshita-footer-link_1qyaz_62"
                href="https://twitter.com/UdcGrowthers/"
                rel="noopener noreferrer"
                target="_blank"
              >
                Twitter
              </a>
            </li>
            <li
              class="_enshita-footer-github_1qyaz_98"
            >
              <a
                class="_enshita-footer-link_1qyaz_62"
                href="https://github.com/Growthers/"
                rel="noopener noreferrer"
                target="_blank"
              >
                GitHub
              </a>
            </li>
          </ul>
        </div>
      </div>
      <p
        class="_enshita-footer-copyright_1qyaz_19"
      >
        <small>
          Copyright Â© 2022 Growthers
        </small>
      </p>
    </div>
  </footer>
</div>
`;
