// Vitest Snapshot v1

exports[`(components) layout > take snapshot 1`] = `
<div>
  <header
    class="_enshita-header_41584d "
  >
    <div>
      <img
        alt="enshita logo"
        class="_enshita-header-logo-img_41584d"
        href="/"
        src="/statics/lyrics-dark.svg"
      />
    </div>
    <div
      class="_enshita-header-hidden_41584d"
    >
      <a
        class="_enshita-button-box_fd3da4 _enshita-header-button_41584d"
        href="./login"
        rel="noopener noreferrer"
        role="button"
        target="_blank"
      >
        <p
          class="_enshita-button-text_fd3da4 undefined"
        >
          login
        </p>
      </a>
    </div>
  </header>
  <main
    class="_enshita-layout-body_acbc67"
  >
    <div>
      hogehoge
    </div>
  </main>
  <footer
    class="_enshita-footer_1843f9 "
  >
    <div
      class="_enshita-footer-content_1843f9"
    >
      <div
        class="_enshita-footer-logo_1843f9 _enshita-footer-hidden_1843f9"
      >
        <svg
          height="50"
          viewBox="0 0 140 50"
          width="140"
          xmlns="http://www.w3.org/2000/svg"
        >
          <text
            class="_enshita-footer-svg_1843f9"
            font-size="40"
            x="0"
            y="40"
          >
            enshita
          </text>
        </svg>
      </div>
      <div
        class="_enshita-footer-menu_1843f9"
      >
        <p
          class="_enshita-footer-about_1843f9"
        >
          About Growthers
        </p>
        <ul
          class="_enshita-footer-list_1843f9"
          role="navigation"
        >
          <li
            class="_enshita-footer-homepage_1843f9"
          >
            <a
              class="_enshita-footer-link_1843f9"
              href="https://growthers.dev/"
              rel="noopener noreferrer"
              target="_blank"
            >
              Home Page
            </a>
          </li>
          <li
            class="_enshita-footer-twitter_1843f9"
          >
            <a
              class="_enshita-footer-link_1843f9"
              href="https://twitter.com/UdcGrowthers/"
              rel="noopener noreferrer"
              target="_blank"
            >
              Twitter
            </a>
          </li>
          <li
            class="_enshita-footer-github_1843f9"
          >
            <a
              class="_enshita-footer-link_1843f9"
              href="https://github.com/Growthers/"
              rel="noopener noreferrer"
              target="_blank"
            >
              GitHub
            </a>
          </li>
        </ul>
      </div>
    </div>
    <p
      class="_enshita-footer-copyright_1843f9"
    >
      <small>
        Copyright Â© 2022 Growthers
      </small>
    </p>
  </footer>
</div>
`;
