// Vitest Snapshot v1

exports[`(components) text input with using react-hook-form > take snapshot 1`] = `
<div>
  <form>
    <section
      class="_enshita-apply-form-input-box_cd2e7a"
    >
      <label
        class="_enshita-apply-form-input-label_cd2e7a"
        for="name"
      >
        名前
      </label>
      <p
        class="_enshita-apply-form-description_cd2e7a"
      >
        名前を入力してください
      </p>
      <input
        aria-invalid="false"
        aria-label="name"
        class="_enshita-apply-form-input_cd2e7a"
        id="name"
        name="name"
        placeholder="名前"
        value=""
      />
    </section>
  </form>
</div>
`;
